<?xml version="1.0" encoding="UTF-8"?>
<TestRun id="56a51422-5e50-4b72-9461-6a7c8d5b8bd8" name="jhanks@LDVWSJHANKS 2012-03-28 06:21:39" runUser="NDT\jhanks" xmlns="http://microsoft.com/schemas/VisualStudio/TeamTest/2010">
  <TestSettings name="Default Test Settings" id="05be2287-8061-4acb-b337-44cf1297af63">
    <Deployment runDeploymentRoot="jhanks_LDVWSJHANKS 2012-03-28 06_21_39">
      <DeploymentItem filename="C:\GitHub\JustWareApiCodeTables\JustWareApiCodeTablesTests\bin\Debug\Moq.dll" />
      <DeploymentItem filename="C:\GitHub\JustWareApiCodeTables\JustWareApiCodeTables\bin\Debug\JustWareApiCodeTables.dll" />
    </Deployment>
    <Execution>
      <TestTypeSpecific />
      <AgentRule name="Execution Agents">
      </AgentRule>
    </Execution>
  </TestSettings>
  <Times creation="2012-03-28T06:21:39.2586286-06:00" queuing="2012-03-28T06:21:39.6306658-06:00" start="2012-03-28T06:21:39.6366664-06:00" finish="2012-03-28T06:21:40.2067234-06:00" />
  <ResultSummary outcome="Completed">
    <Counters total="13" executed="13" passed="13" error="0" failed="0" timeout="0" aborted="0" inconclusive="0" passedButRunAborted="0" notRunnable="0" notExecuted="0" disconnected="0" warning="0" completed="0" inProgress="0" pending="0" />
  </ResultSummary>
  <TestDefinitions>
    <UnitTest name="QueryCodeTableTest_QueriesFromCache" storage="c:\github\justwareapicodetables\justwareapicodetablestests\bin\debug\justwareapicodetablestests.dll" id="f0760835-39a7-b45c-6ca4-fee2a7ab9879">
      <Execution id="fcb0710d-9ae8-404d-8852-cefcd0432f53" />
      <TestMethod codeBase="C:/GitHub/JustWareApiCodeTables/JustWareApiCodeTablesTests/bin/Debug/JustWareApiCodeTablesTests.DLL" adapterTypeName="Microsoft.VisualStudio.TestTools.TestTypes.Unit.UnitTestAdapter, Microsoft.VisualStudio.QualityTools.Tips.UnitTest.Adapter, Version=10.0.0.0, Culture=neutral, PublicKeyToken=b03f5f7f11d50a3a" className="JustWareApiCodeTablesTests.CodeLookupHelperTests, JustWareApiCodeTablesTests, Version=1.0.0.0, Culture=neutral, PublicKeyToken=null" name="QueryCodeTableTest_QueriesFromCache" />
    </UnitTest>
    <UnitTest name="QueryCacheCodeTableTest_NotInDictionary" storage="c:\github\justwareapicodetables\justwareapicodetablestests\bin\debug\justwareapicodetablestests.dll" id="a4a0418f-c59f-e31c-f292-af5c4802cccc">
      <Execution id="cac869cc-a2b8-4e47-ade9-cfe695fd2b98" />
      <TestMethod codeBase="C:/GitHub/JustWareApiCodeTables/JustWareApiCodeTablesTests/bin/Debug/JustWareApiCodeTablesTests.DLL" adapterTypeName="Microsoft.VisualStudio.TestTools.TestTypes.Unit.UnitTestAdapter, Microsoft.VisualStudio.QualityTools.Tips.UnitTest.Adapter, Version=10.0.0.0, Culture=neutral, PublicKeyToken=b03f5f7f11d50a3a" className="JustWareApiCodeTablesTests.CodeTableCacheTest, JustWareApiCodeTablesTests, Version=1.0.0.0, Culture=neutral, PublicKeyToken=null" name="QueryCacheCodeTableTest_NotInDictionary" />
    </UnitTest>
    <UnitTest name="GetCodeTableTest" storage="c:\github\justwareapicodetables\justwareapicodetablestests\bin\debug\justwareapicodetablestests.dll" id="ba231313-87e5-18e7-1dc4-cf54db88b495">
      <Execution id="83aa6c6d-0b2c-444f-93e0-f1faac5cbe89" />
      <TestMethod codeBase="C:/GitHub/JustWareApiCodeTables/JustWareApiCodeTablesTests/bin/Debug/JustWareApiCodeTablesTests.DLL" adapterTypeName="Microsoft.VisualStudio.TestTools.TestTypes.Unit.UnitTestAdapter, Microsoft.VisualStudio.QualityTools.Tips.UnitTest.Adapter, Version=10.0.0.0, Culture=neutral, PublicKeyToken=b03f5f7f11d50a3a" className="JustWareApiCodeTablesTests.CodeLookupHelperTests, JustWareApiCodeTablesTests, Version=1.0.0.0, Culture=neutral, PublicKeyToken=null" name="GetCodeTableTest" />
    </UnitTest>
    <UnitTest name="GetCodeDescription_FillsCache" storage="c:\github\justwareapicodetables\justwareapicodetablestests\bin\debug\justwareapicodetablestests.dll" id="878d963d-ff51-6e0e-2c58-07510808f9a2">
      <Execution id="d9e702d4-d7e2-446a-92c2-f810486d2688" />
      <TestMethod codeBase="C:/GitHub/JustWareApiCodeTables/JustWareApiCodeTablesTests/bin/Debug/JustWareApiCodeTablesTests.DLL" adapterTypeName="Microsoft.VisualStudio.TestTools.TestTypes.Unit.UnitTestAdapter, Microsoft.VisualStudio.QualityTools.Tips.UnitTest.Adapter, Version=10.0.0.0, Culture=neutral, PublicKeyToken=b03f5f7f11d50a3a" className="JustWareApiCodeTablesTests.CodeLookupHelperTests, JustWareApiCodeTablesTests, Version=1.0.0.0, Culture=neutral, PublicKeyToken=null" name="GetCodeDescription_FillsCache" />
    </UnitTest>
    <UnitTest name="QueryCodeTableTest_NoCache" storage="c:\github\justwareapicodetables\justwareapicodetablestests\bin\debug\justwareapicodetablestests.dll" id="1b2f2c3e-92e2-7178-2a35-e33f1a11a371">
      <Execution id="b37648e3-6e33-4151-8b4b-3092b8bcb832" />
      <TestMethod codeBase="C:/GitHub/JustWareApiCodeTables/JustWareApiCodeTablesTests/bin/Debug/JustWareApiCodeTablesTests.DLL" adapterTypeName="Microsoft.VisualStudio.TestTools.TestTypes.Unit.UnitTestAdapter, Microsoft.VisualStudio.QualityTools.Tips.UnitTest.Adapter, Version=10.0.0.0, Culture=neutral, PublicKeyToken=b03f5f7f11d50a3a" className="JustWareApiCodeTablesTests.CodeLookupHelperTests, JustWareApiCodeTablesTests, Version=1.0.0.0, Culture=neutral, PublicKeyToken=null" name="QueryCodeTableTest_NoCache" />
    </UnitTest>
    <UnitTest name="AddToDictionaryTest" storage="c:\github\justwareapicodetables\justwareapicodetablestests\bin\debug\justwareapicodetablestests.dll" id="390d3fb6-2f77-0894-0e04-6b86064dbd11">
      <Execution id="dd6e1990-ec34-43f1-a9a5-56128575e8f8" />
      <TestMethod codeBase="C:/GitHub/JustWareApiCodeTables/JustWareApiCodeTablesTests/bin/Debug/JustWareApiCodeTablesTests.DLL" adapterTypeName="Microsoft.VisualStudio.TestTools.TestTypes.Unit.UnitTestAdapter, Microsoft.VisualStudio.QualityTools.Tips.UnitTest.Adapter, Version=10.0.0.0, Culture=neutral, PublicKeyToken=b03f5f7f11d50a3a" className="JustWareApiCodeTablesTests.CodeTableCacheTest, JustWareApiCodeTablesTests, Version=1.0.0.0, Culture=neutral, PublicKeyToken=null" name="AddToDictionaryTest" />
    </UnitTest>
    <UnitTest name="AddToDictionary_OverwritesWhatsAlreadyCached" storage="c:\github\justwareapicodetables\justwareapicodetablestests\bin\debug\justwareapicodetablestests.dll" id="0d7cd1d8-5a84-4012-43d6-c3981bcbedb1">
      <Execution id="712c5d26-ee1d-4946-a61b-3b3eeab8acaa" />
      <TestMethod codeBase="C:/GitHub/JustWareApiCodeTables/JustWareApiCodeTablesTests/bin/Debug/JustWareApiCodeTablesTests.DLL" adapterTypeName="Microsoft.VisualStudio.TestTools.TestTypes.Unit.UnitTestAdapter, Microsoft.VisualStudio.QualityTools.Tips.UnitTest.Adapter, Version=10.0.0.0, Culture=neutral, PublicKeyToken=b03f5f7f11d50a3a" className="JustWareApiCodeTablesTests.CodeTableCacheTest, JustWareApiCodeTablesTests, Version=1.0.0.0, Culture=neutral, PublicKeyToken=null" name="AddToDictionary_OverwritesWhatsAlreadyCached" />
    </UnitTest>
    <UnitTest name="GetCodeTable_GetsFromCacheIfThere" storage="c:\github\justwareapicodetables\justwareapicodetablestests\bin\debug\justwareapicodetablestests.dll" id="20586226-0666-b013-a658-74b691be2812">
      <Execution id="743a8b53-7c98-441c-ac1f-84d075c22bda" />
      <TestMethod codeBase="C:/GitHub/JustWareApiCodeTables/JustWareApiCodeTablesTests/bin/Debug/JustWareApiCodeTablesTests.DLL" adapterTypeName="Microsoft.VisualStudio.TestTools.TestTypes.Unit.UnitTestAdapter, Microsoft.VisualStudio.QualityTools.Tips.UnitTest.Adapter, Version=10.0.0.0, Culture=neutral, PublicKeyToken=b03f5f7f11d50a3a" className="JustWareApiCodeTablesTests.CodeLookupHelperTests, JustWareApiCodeTablesTests, Version=1.0.0.0, Culture=neutral, PublicKeyToken=null" name="GetCodeTable_GetsFromCacheIfThere" />
    </UnitTest>
    <UnitTest name="GetCodeTable_NoCache_DoesntBlowup" storage="c:\github\justwareapicodetables\justwareapicodetablestests\bin\debug\justwareapicodetablestests.dll" id="546064f8-4ae8-51de-0e99-763faf9c905d">
      <Execution id="d41172a1-e557-43a5-a879-a7b4272d41ee" />
      <TestMethod codeBase="C:/GitHub/JustWareApiCodeTables/JustWareApiCodeTablesTests/bin/Debug/JustWareApiCodeTablesTests.DLL" adapterTypeName="Microsoft.VisualStudio.TestTools.TestTypes.Unit.UnitTestAdapter, Microsoft.VisualStudio.QualityTools.Tips.UnitTest.Adapter, Version=10.0.0.0, Culture=neutral, PublicKeyToken=b03f5f7f11d50a3a" className="JustWareApiCodeTablesTests.CodeLookupHelperTests, JustWareApiCodeTablesTests, Version=1.0.0.0, Culture=neutral, PublicKeyToken=null" name="GetCodeTable_NoCache_DoesntBlowup" />
    </UnitTest>
    <UnitTest name="GetCodeDescriptionTest" storage="c:\github\justwareapicodetables\justwareapicodetablestests\bin\debug\justwareapicodetablestests.dll" id="5cdc72f8-d302-6d07-540c-8738c91e637d">
      <Execution id="81efd437-a871-4b58-8e6b-4948604ee55b" />
      <TestMethod codeBase="C:/GitHub/JustWareApiCodeTables/JustWareApiCodeTablesTests/bin/Debug/JustWareApiCodeTablesTests.DLL" adapterTypeName="Microsoft.VisualStudio.TestTools.TestTypes.Unit.UnitTestAdapter, Microsoft.VisualStudio.QualityTools.Tips.UnitTest.Adapter, Version=10.0.0.0, Culture=neutral, PublicKeyToken=b03f5f7f11d50a3a" className="JustWareApiCodeTablesTests.CodeLookupHelperTests, JustWareApiCodeTablesTests, Version=1.0.0.0, Culture=neutral, PublicKeyToken=null" name="GetCodeDescriptionTest" />
    </UnitTest>
    <UnitTest name="QueryCodeTableTest_PutsCodeTableInCache" storage="c:\github\justwareapicodetables\justwareapicodetablestests\bin\debug\justwareapicodetablestests.dll" id="fe1b4062-fa69-8db2-8063-a85761fb996e">
      <Execution id="32975812-ecaa-4e63-a269-016d03ad8d3c" />
      <TestMethod codeBase="C:/GitHub/JustWareApiCodeTables/JustWareApiCodeTablesTests/bin/Debug/JustWareApiCodeTablesTests.DLL" adapterTypeName="Microsoft.VisualStudio.TestTools.TestTypes.Unit.UnitTestAdapter, Microsoft.VisualStudio.QualityTools.Tips.UnitTest.Adapter, Version=10.0.0.0, Culture=neutral, PublicKeyToken=b03f5f7f11d50a3a" className="JustWareApiCodeTablesTests.CodeLookupHelperTests, JustWareApiCodeTablesTests, Version=1.0.0.0, Culture=neutral, PublicKeyToken=null" name="QueryCodeTableTest_PutsCodeTableInCache" />
    </UnitTest>
    <UnitTest name="QueryCacheCodeTableTest_WithQuery" storage="c:\github\justwareapicodetables\justwareapicodetablestests\bin\debug\justwareapicodetablestests.dll" id="af5429bd-5a60-4771-8c1a-3afe905bff85">
      <Execution id="a61523a8-a0fe-4e4b-bd73-514a7191960d" />
      <TestMethod codeBase="C:/GitHub/JustWareApiCodeTables/JustWareApiCodeTablesTests/bin/Debug/JustWareApiCodeTablesTests.DLL" adapterTypeName="Microsoft.VisualStudio.TestTools.TestTypes.Unit.UnitTestAdapter, Microsoft.VisualStudio.QualityTools.Tips.UnitTest.Adapter, Version=10.0.0.0, Culture=neutral, PublicKeyToken=b03f5f7f11d50a3a" className="JustWareApiCodeTablesTests.CodeTableCacheTest, JustWareApiCodeTablesTests, Version=1.0.0.0, Culture=neutral, PublicKeyToken=null" name="QueryCacheCodeTableTest_WithQuery" />
    </UnitTest>
    <UnitTest name="QueryCacheCodeTableTest" storage="c:\github\justwareapicodetables\justwareapicodetablestests\bin\debug\justwareapicodetablestests.dll" id="fc2c06da-d2ed-e3c5-a59d-d16db0feab80">
      <Execution id="8c3c015b-bfc1-4fb0-982a-b630f65ad35b" />
      <TestMethod codeBase="C:/GitHub/JustWareApiCodeTables/JustWareApiCodeTablesTests/bin/Debug/JustWareApiCodeTablesTests.DLL" adapterTypeName="Microsoft.VisualStudio.TestTools.TestTypes.Unit.UnitTestAdapter, Microsoft.VisualStudio.QualityTools.Tips.UnitTest.Adapter, Version=10.0.0.0, Culture=neutral, PublicKeyToken=b03f5f7f11d50a3a" className="JustWareApiCodeTablesTests.CodeTableCacheTest, JustWareApiCodeTablesTests, Version=1.0.0.0, Culture=neutral, PublicKeyToken=null" name="QueryCacheCodeTableTest" />
    </UnitTest>
  </TestDefinitions>
  <TestLists>
    <TestList name="Results Not in a List" id="8c84fa94-04c1-424b-9868-57a2d4851a1d" />
    <TestList name="All Loaded Results" id="19431567-8539-422a-85d7-44ee4e166bda" />
  </TestLists>
  <TestEntries>
    <TestEntry testId="0d7cd1d8-5a84-4012-43d6-c3981bcbedb1" executionId="712c5d26-ee1d-4946-a61b-3b3eeab8acaa" testListId="8c84fa94-04c1-424b-9868-57a2d4851a1d" />
    <TestEntry testId="390d3fb6-2f77-0894-0e04-6b86064dbd11" executionId="dd6e1990-ec34-43f1-a9a5-56128575e8f8" testListId="8c84fa94-04c1-424b-9868-57a2d4851a1d" />
    <TestEntry testId="878d963d-ff51-6e0e-2c58-07510808f9a2" executionId="d9e702d4-d7e2-446a-92c2-f810486d2688" testListId="8c84fa94-04c1-424b-9868-57a2d4851a1d" />
    <TestEntry testId="5cdc72f8-d302-6d07-540c-8738c91e637d" executionId="81efd437-a871-4b58-8e6b-4948604ee55b" testListId="8c84fa94-04c1-424b-9868-57a2d4851a1d" />
    <TestEntry testId="20586226-0666-b013-a658-74b691be2812" executionId="743a8b53-7c98-441c-ac1f-84d075c22bda" testListId="8c84fa94-04c1-424b-9868-57a2d4851a1d" />
    <TestEntry testId="546064f8-4ae8-51de-0e99-763faf9c905d" executionId="d41172a1-e557-43a5-a879-a7b4272d41ee" testListId="8c84fa94-04c1-424b-9868-57a2d4851a1d" />
    <TestEntry testId="ba231313-87e5-18e7-1dc4-cf54db88b495" executionId="83aa6c6d-0b2c-444f-93e0-f1faac5cbe89" testListId="8c84fa94-04c1-424b-9868-57a2d4851a1d" />
    <TestEntry testId="fc2c06da-d2ed-e3c5-a59d-d16db0feab80" executionId="8c3c015b-bfc1-4fb0-982a-b630f65ad35b" testListId="8c84fa94-04c1-424b-9868-57a2d4851a1d" />
    <TestEntry testId="a4a0418f-c59f-e31c-f292-af5c4802cccc" executionId="cac869cc-a2b8-4e47-ade9-cfe695fd2b98" testListId="8c84fa94-04c1-424b-9868-57a2d4851a1d" />
    <TestEntry testId="af5429bd-5a60-4771-8c1a-3afe905bff85" executionId="a61523a8-a0fe-4e4b-bd73-514a7191960d" testListId="8c84fa94-04c1-424b-9868-57a2d4851a1d" />
    <TestEntry testId="1b2f2c3e-92e2-7178-2a35-e33f1a11a371" executionId="b37648e3-6e33-4151-8b4b-3092b8bcb832" testListId="8c84fa94-04c1-424b-9868-57a2d4851a1d" />
    <TestEntry testId="fe1b4062-fa69-8db2-8063-a85761fb996e" executionId="32975812-ecaa-4e63-a269-016d03ad8d3c" testListId="8c84fa94-04c1-424b-9868-57a2d4851a1d" />
    <TestEntry testId="f0760835-39a7-b45c-6ca4-fee2a7ab9879" executionId="fcb0710d-9ae8-404d-8852-cefcd0432f53" testListId="8c84fa94-04c1-424b-9868-57a2d4851a1d" />
  </TestEntries>
  <Results>
    <UnitTestResult executionId="712c5d26-ee1d-4946-a61b-3b3eeab8acaa" testId="0d7cd1d8-5a84-4012-43d6-c3981bcbedb1" testName="AddToDictionary_OverwritesWhatsAlreadyCached" computerName="LDVWSJHANKS" duration="00:00:00.0364849" startTime="2012-03-28T06:21:39.6386666-06:00" endTime="2012-03-28T06:21:39.8346862-06:00" testType="13cdc9d9-ddb5-4fa4-a97d-d965ccfc6d4b" outcome="Passed" testListId="8c84fa94-04c1-424b-9868-57a2d4851a1d" relativeResultsDirectory="712c5d26-ee1d-4946-a61b-3b3eeab8acaa">
    </UnitTestResult>
    <UnitTestResult executionId="dd6e1990-ec34-43f1-a9a5-56128575e8f8" testId="390d3fb6-2f77-0894-0e04-6b86064dbd11" testName="AddToDictionaryTest" computerName="LDVWSJHANKS" duration="00:00:00.0002718" startTime="2012-03-28T06:21:39.8346862-06:00" endTime="2012-03-28T06:21:39.8366864-06:00" testType="13cdc9d9-ddb5-4fa4-a97d-d965ccfc6d4b" outcome="Passed" testListId="8c84fa94-04c1-424b-9868-57a2d4851a1d" relativeResultsDirectory="dd6e1990-ec34-43f1-a9a5-56128575e8f8">
    </UnitTestResult>
    <UnitTestResult executionId="d9e702d4-d7e2-446a-92c2-f810486d2688" testId="878d963d-ff51-6e0e-2c58-07510808f9a2" testName="GetCodeDescription_FillsCache" computerName="LDVWSJHANKS" duration="00:00:00.2981357" startTime="2012-03-28T06:21:39.8376865-06:00" endTime="2012-03-28T06:21:40.1377165-06:00" testType="13cdc9d9-ddb5-4fa4-a97d-d965ccfc6d4b" outcome="Passed" testListId="8c84fa94-04c1-424b-9868-57a2d4851a1d" relativeResultsDirectory="d9e702d4-d7e2-446a-92c2-f810486d2688">
    </UnitTestResult>
    <UnitTestResult executionId="81efd437-a871-4b58-8e6b-4948604ee55b" testId="5cdc72f8-d302-6d07-540c-8738c91e637d" testName="GetCodeDescriptionTest" computerName="LDVWSJHANKS" duration="00:00:00.0020425" startTime="2012-03-28T06:21:40.1377165-06:00" endTime="2012-03-28T06:21:40.1417169-06:00" testType="13cdc9d9-ddb5-4fa4-a97d-d965ccfc6d4b" outcome="Passed" testListId="8c84fa94-04c1-424b-9868-57a2d4851a1d" relativeResultsDirectory="81efd437-a871-4b58-8e6b-4948604ee55b">
    </UnitTestResult>
    <UnitTestResult executionId="743a8b53-7c98-441c-ac1f-84d075c22bda" testId="20586226-0666-b013-a658-74b691be2812" testName="GetCodeTable_GetsFromCacheIfThere" computerName="LDVWSJHANKS" duration="00:00:00.0045307" startTime="2012-03-28T06:21:40.1427170-06:00" endTime="2012-03-28T06:21:40.1487176-06:00" testType="13cdc9d9-ddb5-4fa4-a97d-d965ccfc6d4b" outcome="Passed" testListId="8c84fa94-04c1-424b-9868-57a2d4851a1d" relativeResultsDirectory="743a8b53-7c98-441c-ac1f-84d075c22bda">
    </UnitTestResult>
    <UnitTestResult executionId="d41172a1-e557-43a5-a879-a7b4272d41ee" testId="546064f8-4ae8-51de-0e99-763faf9c905d" testName="GetCodeTable_NoCache_DoesntBlowup" computerName="LDVWSJHANKS" duration="00:00:00.0019269" startTime="2012-03-28T06:21:40.1497177-06:00" endTime="2012-03-28T06:21:40.1527180-06:00" testType="13cdc9d9-ddb5-4fa4-a97d-d965ccfc6d4b" outcome="Passed" testListId="8c84fa94-04c1-424b-9868-57a2d4851a1d" relativeResultsDirectory="d41172a1-e557-43a5-a879-a7b4272d41ee">
    </UnitTestResult>
    <UnitTestResult executionId="83aa6c6d-0b2c-444f-93e0-f1faac5cbe89" testId="ba231313-87e5-18e7-1dc4-cf54db88b495" testName="GetCodeTableTest" computerName="LDVWSJHANKS" duration="00:00:00.0037089" startTime="2012-03-28T06:21:40.1537181-06:00" endTime="2012-03-28T06:21:40.1587186-06:00" testType="13cdc9d9-ddb5-4fa4-a97d-d965ccfc6d4b" outcome="Passed" testListId="8c84fa94-04c1-424b-9868-57a2d4851a1d" relativeResultsDirectory="83aa6c6d-0b2c-444f-93e0-f1faac5cbe89">
    </UnitTestResult>
    <UnitTestResult executionId="8c3c015b-bfc1-4fb0-982a-b630f65ad35b" testId="fc2c06da-d2ed-e3c5-a59d-d16db0feab80" testName="QueryCacheCodeTableTest" computerName="LDVWSJHANKS" duration="00:00:00.0146155" startTime="2012-03-28T06:21:40.1597187-06:00" endTime="2012-03-28T06:21:40.1757203-06:00" testType="13cdc9d9-ddb5-4fa4-a97d-d965ccfc6d4b" outcome="Passed" testListId="8c84fa94-04c1-424b-9868-57a2d4851a1d" relativeResultsDirectory="8c3c015b-bfc1-4fb0-982a-b630f65ad35b">
    </UnitTestResult>
    <UnitTestResult executionId="cac869cc-a2b8-4e47-ade9-cfe695fd2b98" testId="a4a0418f-c59f-e31c-f292-af5c4802cccc" testName="QueryCacheCodeTableTest_NotInDictionary" computerName="LDVWSJHANKS" duration="00:00:00.0001933" startTime="2012-03-28T06:21:40.1757203-06:00" endTime="2012-03-28T06:21:40.1777205-06:00" testType="13cdc9d9-ddb5-4fa4-a97d-d965ccfc6d4b" outcome="Passed" testListId="8c84fa94-04c1-424b-9868-57a2d4851a1d" relativeResultsDirectory="cac869cc-a2b8-4e47-ade9-cfe695fd2b98">
    </UnitTestResult>
    <UnitTestResult executionId="a61523a8-a0fe-4e4b-bd73-514a7191960d" testId="af5429bd-5a60-4771-8c1a-3afe905bff85" testName="QueryCacheCodeTableTest_WithQuery" computerName="LDVWSJHANKS" duration="00:00:00.0036093" startTime="2012-03-28T06:21:40.1787206-06:00" endTime="2012-03-28T06:21:40.1837211-06:00" testType="13cdc9d9-ddb5-4fa4-a97d-d965ccfc6d4b" outcome="Passed" testListId="8c84fa94-04c1-424b-9868-57a2d4851a1d" relativeResultsDirectory="a61523a8-a0fe-4e4b-bd73-514a7191960d">
    </UnitTestResult>
    <UnitTestResult executionId="b37648e3-6e33-4151-8b4b-3092b8bcb832" testId="1b2f2c3e-92e2-7178-2a35-e33f1a11a371" testName="QueryCodeTableTest_NoCache" computerName="LDVWSJHANKS" duration="00:00:00.0016550" startTime="2012-03-28T06:21:40.1837211-06:00" endTime="2012-03-28T06:21:40.1877215-06:00" testType="13cdc9d9-ddb5-4fa4-a97d-d965ccfc6d4b" outcome="Passed" testListId="8c84fa94-04c1-424b-9868-57a2d4851a1d" relativeResultsDirectory="b37648e3-6e33-4151-8b4b-3092b8bcb832">
    </UnitTestResult>
    <UnitTestResult executionId="32975812-ecaa-4e63-a269-016d03ad8d3c" testId="fe1b4062-fa69-8db2-8063-a85761fb996e" testName="QueryCodeTableTest_PutsCodeTableInCache" computerName="LDVWSJHANKS" duration="00:00:00.0031733" startTime="2012-03-28T06:21:40.1877215-06:00" endTime="2012-03-28T06:21:40.1927220-06:00" testType="13cdc9d9-ddb5-4fa4-a97d-d965ccfc6d4b" outcome="Passed" testListId="8c84fa94-04c1-424b-9868-57a2d4851a1d" relativeResultsDirectory="32975812-ecaa-4e63-a269-016d03ad8d3c">
    </UnitTestResult>
    <UnitTestResult executionId="fcb0710d-9ae8-404d-8852-cefcd0432f53" testId="f0760835-39a7-b45c-6ca4-fee2a7ab9879" testName="QueryCodeTableTest_QueriesFromCache" computerName="LDVWSJHANKS" duration="00:00:00.0032058" startTime="2012-03-28T06:21:40.1927220-06:00" endTime="2012-03-28T06:21:40.1977225-06:00" testType="13cdc9d9-ddb5-4fa4-a97d-d965ccfc6d4b" outcome="Passed" testListId="8c84fa94-04c1-424b-9868-57a2d4851a1d" relativeResultsDirectory="fcb0710d-9ae8-404d-8852-cefcd0432f53">
    </UnitTestResult>
  </Results>
</TestRun>